// Jest Snapshot v1, https://goo.gl/fbAQLP

exports[`Manual should render table of contents: toc-render 1`] = `
"# Test tortilla project

[//]: # (head-end)


A newly created Tortilla project. For more information, see https://github.com/Urigo/tortilla.
- [Step 1: dummy](.tortilla/manuals/views/step1.md#step-1-dummy)
- [Step 2: dummy](.tortilla/manuals/views/step2.md#step-2-dummy)
- [Step 3: dummy](.tortilla/manuals/views/step3.md#step-3-dummy)
- [Step 4: Add Comments](.tortilla/manuals/views/step4.md#step-4-add-comments)
    - [Step 4.1: Add First Comment](.tortilla/manuals/views/step4.md#step-41-add-first-comment)
    - [Step 4.2: Add Second Comment](.tortilla/manuals/views/step4.md#step-42-add-second-comment)
    - [Step 4.3: Add Third Comment](.tortilla/manuals/views/step4.md#step-43-add-third-comment)
    - [Step 4.4: Add Fourth Comment](.tortilla/manuals/views/step4.md#step-44-add-fourth-comment)



[//]: # (foot-start)

[{]: <helper> (navStep)

| [Begin Tutorial >](.tortilla/manuals/views/step1.md) |
|----------------------:|

[}]: #"
`;
