// Jest Snapshot v1, https://goo.gl/fbAQLP

exports[`Template Helpers table of contents renders correctly: render-toc 1`] = `
"- [Step 1: Create App](.tortilla/manuals/views/step1.md#step-1-create-app)
    - [Step 1.1: Create Meteor Project](.tortilla/manuals/views/step1.md#step-11-create-meteor-project)
    - [Step 1.2: Create Task Component](.tortilla/manuals/views/step1.md#step-12-create-task-component)
    - [Step 1.3: Create Sample Tasks](.tortilla/manuals/views/step1.md#step-13-create-sample-tasks)
    - [Step 1.4: Render Sample Tasks](.tortilla/manuals/views/step1.md#step-14-render-sample-tasks)
- [Step 2: Collections](.tortilla/manuals/views/step2.md#step-2-collections)
    - [Step 2.1: Create Tasks Collection](.tortilla/manuals/views/step2.md#step-21-create-tasks-collection)
    - [Step 2.2: Initialize Tasks Collection](.tortilla/manuals/views/step2.md#step-22-initialize-tasks-collection)
    - [Step 2.3: Render Tasks Collection](.tortilla/manuals/views/step2.md#step-23-render-tasks-collection)
- [Step 3: Forms and Events](.tortilla/manuals/views/step3.md#step-3-forms-and-events)
    - [Step 3.1: Create Task Form](.tortilla/manuals/views/step3.md#step-31-create-task-form)
    - [Step 3.2: Add Submit Handler](.tortilla/manuals/views/step3.md#step-32-add-submit-handler)
    - [Step 3.3: Show Newest Tasks First](.tortilla/manuals/views/step3.md#step-33-show-newest-tasks-first)
"
`;
